// Jest Snapshot v1, https://goo.gl/fbAQLP

exports[`App.vue Matchs Snapshot 1`] = `
<div id="app">
  <div id="nav">
    <router-link-stub to="/" tag="a" ariacurrentvalue="page" event="click">Home</router-link-stub> |
    <router-link-stub to="/about" tag="a" ariacurrentvalue="page" event="click">Review app</router-link-stub>
  </div>
  <router-view-stub name="default"></router-view-stub>
</div>
`;
